------------------------------------------------------------
Timing Analyzer Summary
------------------------------------------------------------

Type  : Slow 1100mV 85C Model Setup 'clk'
Slack : -0.213
TNS   : -0.858

Type  : Slow 1100mV 85C Model Hold 'clk'
Slack : 0.261
TNS   : 0.000

Type  : Slow 1100mV 85C Model Minimum Pulse Width 'clk'
Slack : -0.394
TNS   : -2.619

Type  : Slow 1100mV 0C Model Setup 'clk'
Slack : -0.253
TNS   : -0.998

Type  : Slow 1100mV 0C Model Hold 'clk'
Slack : 0.236
TNS   : 0.000

Type  : Slow 1100mV 0C Model Minimum Pulse Width 'clk'
Slack : -0.394
TNS   : -2.840

Type  : Fast 1100mV 85C Model Setup 'clk'
Slack : 0.307
TNS   : 0.000

Type  : Fast 1100mV 85C Model Hold 'clk'
Slack : 0.155
TNS   : 0.000

Type  : Fast 1100mV 85C Model Minimum Pulse Width 'clk'
Slack : -0.078
TNS   : -0.384

Type  : Fast 1100mV 0C Model Setup 'clk'
Slack : 0.329
TNS   : 0.000

Type  : Fast 1100mV 0C Model Hold 'clk'
Slack : 0.140
TNS   : 0.000

Type  : Fast 1100mV 0C Model Minimum Pulse Width 'clk'
Slack : -0.078
TNS   : -0.388

------------------------------------------------------------
