------------------------------------------------------------
Timing Analyzer Summary
------------------------------------------------------------

Type  : Slow 1100mV 85C Model Setup 'clk'
Slack : -0.208
TNS   : -0.930

Type  : Slow 1100mV 85C Model Hold 'clk'
Slack : 0.236
TNS   : 0.000

Type  : Slow 1100mV 85C Model Minimum Pulse Width 'clk'
Slack : -0.394
TNS   : -2.619

Type  : Slow 1100mV 0C Model Setup 'clk'
Slack : -0.247
TNS   : -1.095

Type  : Slow 1100mV 0C Model Hold 'clk'
Slack : 0.218
TNS   : 0.000

Type  : Slow 1100mV 0C Model Minimum Pulse Width 'clk'
Slack : -0.394
TNS   : -2.844

Type  : Fast 1100mV 85C Model Setup 'clk'
Slack : 0.297
TNS   : 0.000

Type  : Fast 1100mV 85C Model Hold 'clk'
Slack : 0.141
TNS   : 0.000

Type  : Fast 1100mV 85C Model Minimum Pulse Width 'clk'
Slack : -0.078
TNS   : -0.383

Type  : Fast 1100mV 0C Model Setup 'clk'
Slack : 0.325
TNS   : 0.000

Type  : Fast 1100mV 0C Model Hold 'clk'
Slack : 0.128
TNS   : 0.000

Type  : Fast 1100mV 0C Model Minimum Pulse Width 'clk'
Slack : -0.078
TNS   : -0.386

------------------------------------------------------------
