------------------------------------------------------------
Timing Analyzer Summary
------------------------------------------------------------

Type  : Slow 1100mV 85C Model Setup 'clk'
Slack : -0.196
TNS   : -0.547

Type  : Slow 1100mV 85C Model Hold 'clk'
Slack : 0.245
TNS   : 0.000

Type  : Slow 1100mV 85C Model Minimum Pulse Width 'clk'
Slack : -0.394
TNS   : -1.572

Type  : Slow 1100mV 0C Model Setup 'clk'
Slack : -0.234
TNS   : -0.632

Type  : Slow 1100mV 0C Model Hold 'clk'
Slack : 0.227
TNS   : 0.000

Type  : Slow 1100mV 0C Model Minimum Pulse Width 'clk'
Slack : -0.394
TNS   : -1.698

Type  : Fast 1100mV 85C Model Setup 'clk'
Slack : 0.287
TNS   : 0.000

Type  : Fast 1100mV 85C Model Hold 'clk'
Slack : 0.146
TNS   : 0.000

Type  : Fast 1100mV 85C Model Minimum Pulse Width 'clk'
Slack : -0.076
TNS   : -0.228

Type  : Fast 1100mV 0C Model Setup 'clk'
Slack : 0.316
TNS   : 0.000

Type  : Fast 1100mV 0C Model Hold 'clk'
Slack : 0.132
TNS   : 0.000

Type  : Fast 1100mV 0C Model Minimum Pulse Width 'clk'
Slack : -0.078
TNS   : -0.234

------------------------------------------------------------
